// Jest Snapshot v1, https://goo.gl/fbAQLP

exports[`FavoritesPage Component renders consistently 1`] = `
<DocumentFragment>
  <div
    class="MuiContainer-root MuiContainer-maxWidthLg css-1oqqzyl-MuiContainer-root"
    data-testid="favorites-page"
  >
    <div
      class="MuiBox-root css-8f57v9"
    >
      <h1
        class="MuiTypography-root MuiTypography-h2 MuiTypography-gutterBottom css-i1hrn3-MuiTypography-root"
      >
        <svg
          aria-hidden="true"
          class="MuiSvgIcon-root MuiSvgIcon-fontSizeMedium css-2y09li-MuiSvgIcon-root"
          data-testid="FavoriteIcon"
          focusable="false"
          viewBox="0 0 24 24"
        >
          <path
            d="m12 21.35-1.45-1.32C5.4 15.36 2 12.28 2 8.5 2 5.42 4.42 3 7.5 3c1.74 0 3.41.81 4.5 2.09C13.09 3.81 14.76 3 16.5 3 19.58 3 22 5.42 22 8.5c0 3.78-3.4 6.86-8.55 11.54z"
          />
        </svg>
        My Favorite Books
      </h1>
      <p
        class="MuiTypography-root MuiTypography-body1 css-1w4gduo-MuiTypography-root"
      >
        Your personal collection of favorite books
      </p>
      <div
        class="MuiPaper-root MuiPaper-elevation MuiPaper-rounded MuiPaper-elevation1 css-1glcs1f-MuiPaper-root"
      >
        <svg
          aria-hidden="true"
          class="MuiSvgIcon-root MuiSvgIcon-fontSizeMedium css-11ndtqy-MuiSvgIcon-root"
          data-testid="BookIcon"
          focusable="false"
          viewBox="0 0 24 24"
        >
          <path
            d="M18 2H6c-1.1 0-2 .9-2 2v16c0 1.1.9 2 2 2h12c1.1 0 2-.9 2-2V4c0-1.1-.9-2-2-2M6 4h5v8l-2.5-1.5L6 12z"
          />
        </svg>
        <h6
          class="MuiTypography-root MuiTypography-h6 MuiTypography-gutterBottom css-137rogq-MuiTypography-root"
        >
          No Favorite Books Yet
        </h6>
        <p
          class="MuiTypography-root MuiTypography-body2 css-7dlf9o-MuiTypography-root"
        >
          Start exploring books and add them to your favorites!
        </p>
        <button
          class="MuiButtonBase-root MuiButton-root MuiButton-contained MuiButton-containedPrimary MuiButton-sizeMedium MuiButton-containedSizeMedium MuiButton-colorPrimary MuiButton-root MuiButton-contained MuiButton-containedPrimary MuiButton-sizeMedium MuiButton-containedSizeMedium MuiButton-colorPrimary css-sghohy-MuiButtonBase-root-MuiButton-root"
          tabindex="0"
          type="button"
        >
          <span
            class="MuiButton-icon MuiButton-startIcon MuiButton-iconSizeMedium css-1d6wzja-MuiButton-startIcon"
          >
            <svg
              aria-hidden="true"
              class="MuiSvgIcon-root MuiSvgIcon-fontSizeMedium css-i4bv87-MuiSvgIcon-root"
              data-testid="BookIcon"
              focusable="false"
              viewBox="0 0 24 24"
            >
              <path
                d="M18 2H6c-1.1 0-2 .9-2 2v16c0 1.1.9 2 2 2h12c1.1 0 2-.9 2-2V4c0-1.1-.9-2-2-2M6 4h5v8l-2.5-1.5L6 12z"
              />
            </svg>
          </span>
          Browse Books
          <span
            class="MuiTouchRipple-root css-8je8zh-MuiTouchRipple-root"
          />
        </button>
      </div>
    </div>
  </div>
</DocumentFragment>
`;
